// Jest Snapshot v1, https://goo.gl/fbAQLP

exports[`<Input /> should match snapshot 1`] = `
ShallowWrapper {
  Symbol(enzyme.__root__): [Circular],
  Symbol(enzyme.__unrendered__): <Input
    ariaLabel="email"
    name="email"
    onChange={[MockFunction]}
    placeholder={null}
    type="text"
    value="Email"
  />,
  Symbol(enzyme.__renderer__): Object {
    "batchedUpdates": [Function],
    "checkPropTypes": [Function],
    "getNode": [Function],
    "render": [Function],
    "simulateError": [Function],
    "simulateEvent": [Function],
    "unmount": [Function],
  },
  Symbol(enzyme.__node__): Object {
    "instance": null,
    "key": undefined,
    "nodeType": "function",
    "props": Object {
      "aria-label": "email",
      "name": "email",
      "onChange": [MockFunction],
      "placeholder": null,
      "type": "text",
      "value": "Email",
    },
    "ref": null,
    "rendered": null,
    "type": Object {
      "$$typeof": Symbol(react.forward_ref),
      "attrs": Array [],
      "componentStyle": ComponentStyle {
        "componentId": "sc-bdVaJa",
        "isStatic": true,
        "rules": Array [
          "border: 1px solid #5C61DE; border-radius: 8px; font-size: 16px; outline: none; padding: 8px; transition: 200ms; &:focus {
  box-shadow: 1px 1px 4px #7C96FF,
      -1px -1px 4px #7C96FF,
      1px -1px 4px #7C96FF,
      -1px 1px 4px #7C96FF;
}",
        ],
      },
      "displayName": "styled.input",
      "foldedComponentIds": Array [],
      "render": [Function],
      "styledComponentId": "sc-bdVaJa",
      "target": "input",
      "toString": [Function],
      "warnTooManyClasses": [Function],
      "withComponent": [Function],
    },
  },
  Symbol(enzyme.__nodes__): Array [
    Object {
      "instance": null,
      "key": undefined,
      "nodeType": "function",
      "props": Object {
        "aria-label": "email",
        "name": "email",
        "onChange": [MockFunction],
        "placeholder": null,
        "type": "text",
        "value": "Email",
      },
      "ref": null,
      "rendered": null,
      "type": Object {
        "$$typeof": Symbol(react.forward_ref),
        "attrs": Array [],
        "componentStyle": ComponentStyle {
          "componentId": "sc-bdVaJa",
          "isStatic": true,
          "rules": Array [
            "border: 1px solid #5C61DE; border-radius: 8px; font-size: 16px; outline: none; padding: 8px; transition: 200ms; &:focus {
  box-shadow: 1px 1px 4px #7C96FF,
      -1px -1px 4px #7C96FF,
      1px -1px 4px #7C96FF,
      -1px 1px 4px #7C96FF;
}",
          ],
        },
        "displayName": "styled.input",
        "foldedComponentIds": Array [],
        "render": [Function],
        "styledComponentId": "sc-bdVaJa",
        "target": "input",
        "toString": [Function],
        "warnTooManyClasses": [Function],
        "withComponent": [Function],
      },
    },
  ],
  Symbol(enzyme.__options__): Object {
    "adapter": ReactSixteenAdapter {
      "options": Object {
        "enableComponentDidUpdateOnSetState": true,
        "legacyContextMode": "parent",
        "lifecycles": Object {
          "componentDidUpdate": Object {
            "onSetState": true,
          },
          "getChildContext": Object {
            "calledByRenderer": false,
          },
          "getDerivedStateFromProps": true,
          "getSnapshotBeforeUpdate": true,
          "setState": Object {
            "skipsComponentDidUpdateOnNullish": true,
          },
        },
      },
    },
  },
  Symbol(enzyme.__childContext__): null,
}
`;
